[INFO] Scanning for projects...
[INFO] 
[INFO] -----------------< com.finventory:finventory-backend >------------------
[INFO] Building finventory-backend 0.0.1-SNAPSHOT
[INFO]   from pom.xml
[INFO] --------------------------------[ jar ]---------------------------------
[INFO] 
[INFO] --- checkstyle:3.3.1:check (validate) @ finventory-backend ---
[INFO] 
[INFO] --- resources:3.3.1:resources (default-resources) @ finventory-backend ---
[INFO] Copying 1 resource from src\main\resources to target\classes
[INFO] Copying 8 resources from src\main\resources to target\classes
[INFO] 
[INFO] --- compiler:3.11.0:compile (default-compile) @ finventory-backend ---
[INFO] Nothing to compile - all classes are up to date
[INFO] 
[INFO] --- resources:3.3.1:testResources (default-testResources) @ finventory-backend ---
[INFO] Copying 1 resource from src\test\resources to target\test-classes
[INFO] 
[INFO] --- compiler:3.11.0:testCompile (default-testCompile) @ finventory-backend ---
[INFO] Nothing to compile - all classes are up to date
[INFO] 
[INFO] --- surefire:3.1.2:test (default-test) @ finventory-backend ---
[INFO] Using auto detected provider org.apache.maven.surefire.junitplatform.JUnitPlatformProvider
[INFO] 
[INFO] -------------------------------------------------------
[INFO]  T E S T S
[INFO] -------------------------------------------------------
[INFO] Running com.finventory.controller.SalesReturnIntegrationTest
20:50:54.137 [main] INFO org.springframework.test.context.support.AnnotationConfigContextLoaderUtils -- Could not detect default configuration classes for test class [com.finventory.controller.SalesReturnIntegrationTest]: SalesReturnIntegrationTest does not declare any static, non-private, non-final, nested classes annotated with @Configuration.
20:50:54.354 [main] INFO org.springframework.boot.test.context.SpringBootTestContextBootstrapper -- Found @SpringBootConfiguration com.finventory.FinventoryApplication for test class com.finventory.controller.SalesReturnIntegrationTest

  .   ____          _            __ _ _
 /\\ / ___'_ __ _ _(_)_ __  __ _ \ \ \ \
( ( )\___ | '_ | '_| | '_ \/ _` | \ \ \ \
 \\/  ___)| |_)| | | | | || (_| |  ) ) ) )
  '  |____| .__|_| |_|_| |_\__, | / / / /
 =========|_|==============|___/=/_/_/_/
 :: Spring Boot ::                (v3.2.3)

2026-03-08T20:50:54.914+05:30  INFO 32072 --- [finventory-backend] [           main] c.f.c.SalesReturnIntegrationTest         : Starting SalesReturnIntegrationTest using Java 21.0.10 with PID 32072 (started by gsyed in C:\Users\gsyed\Documents\trae_projects\Finventory\backend)
2026-03-08T20:50:54.915+05:30  INFO 32072 --- [finventory-backend] [           main] c.f.c.SalesReturnIntegrationTest         : The following 1 profile is active: "test"
2026-03-08T20:50:57.218+05:30  INFO 32072 --- [finventory-backend] [           main] .s.d.r.c.RepositoryConfigurationDelegate : Bootstrapping Spring Data JPA repositories in DEFAULT mode.
2026-03-08T20:50:57.410+05:30  INFO 32072 --- [finventory-backend] [           main] .s.d.r.c.RepositoryConfigurationDelegate : Finished Spring Data repository scanning in 176 ms. Found 11 JPA repository interfaces.
2026-03-08T20:50:58.905+05:30  INFO 32072 --- [finventory-backend] [           main] o.hibernate.jpa.internal.util.LogHelper  : HHH000204: Processing PersistenceUnitInfo [name: default]
2026-03-08T20:50:59.229+05:30  INFO 32072 --- [finventory-backend] [           main] org.hibernate.Version                    : HHH000412: Hibernate ORM core version 6.4.4.Final
2026-03-08T20:50:59.281+05:30  INFO 32072 --- [finventory-backend] [           main] o.h.c.internal.RegionFactoryInitiator    : HHH000026: Second-level cache disabled
2026-03-08T20:50:59.614+05:30  INFO 32072 --- [finventory-backend] [           main] o.s.o.j.p.SpringPersistenceUnitInfo      : No LoadTimeWeaver setup: ignoring JPA class transformer
2026-03-08T20:50:59.638+05:30  INFO 32072 --- [finventory-backend] [           main] com.zaxxer.hikari.HikariDataSource       : HikariPool-1 - Starting...
2026-03-08T20:50:59.811+05:30  INFO 32072 --- [finventory-backend] [           main] com.zaxxer.hikari.pool.HikariPool        : HikariPool-1 - Added connection conn0: url=jdbc:h2:mem:finventory_test user=SA
2026-03-08T20:50:59.813+05:30  INFO 32072 --- [finventory-backend] [           main] com.zaxxer.hikari.HikariDataSource       : HikariPool-1 - Start completed.
2026-03-08T20:50:59.833+05:30  WARN 32072 --- [finventory-backend] [           main] org.hibernate.orm.deprecation            : HHH90000025: H2Dialect does not need to be specified explicitly using 'hibernate.dialect' (remove the property setting and it will be selected by default)
2026-03-08T20:51:01.330+05:30  INFO 32072 --- [finventory-backend] [           main] o.h.e.t.j.p.i.JtaPlatformInitiator       : HHH000489: No JTA platform available (set 'hibernate.transaction.jta.platform' to enable JTA platform integration)
2026-03-08T20:51:01.431+05:30  INFO 32072 --- [finventory-backend] [           main] j.LocalContainerEntityManagerFactoryBean : Initialized JPA EntityManagerFactory for persistence unit 'default'
2026-03-08T20:51:05.032+05:30  WARN 32072 --- [finventory-backend] [           main] JpaBaseConfiguration$JpaWebConfiguration : spring.jpa.open-in-view is enabled by default. Therefore, database queries may be performed during view rendering. Explicitly configure spring.jpa.open-in-view to disable this warning
2026-03-08T20:51:06.554+05:30  INFO 32072 --- [finventory-backend] [           main] o.s.b.a.e.web.EndpointLinksResolver      : Exposing 1 endpoint(s) beneath base path '/actuator'
2026-03-08T20:51:06.779+05:30  INFO 32072 --- [finventory-backend] [           main] o.s.s.web.DefaultSecurityFilterChain     : Will secure any request with [org.springframework.security.web.session.DisableEncodeUrlFilter@255eadf5, org.springframework.security.web.context.request.async.WebAsyncManagerIntegrationFilter@13ebbdab, org.springframework.security.web.context.SecurityContextHolderFilter@7d1f60cf, org.springframework.security.web.header.HeaderWriterFilter@78ded8c9, org.springframework.web.filter.CorsFilter@74af4b0, org.springframework.security.web.authentication.logout.LogoutFilter@6cf7de4e, com.finventory.security.JwtAuthenticationFilter@58f259bd, org.springframework.security.web.savedrequest.RequestCacheAwareFilter@af27e00, org.springframework.security.web.servletapi.SecurityContextHolderAwareRequestFilter@5f709b99, org.springframework.security.web.authentication.AnonymousAuthenticationFilter@5b1295c0, org.springframework.security.web.session.SessionManagementFilter@cdf3815, org.springframework.security.web.access.ExceptionTranslationFilter@3e07ccbf, org.springframework.security.web.access.intercept.AuthorizationFilter@3b93d874]
2026-03-08T20:51:07.699+05:30  INFO 32072 --- [finventory-backend] [           main] o.s.b.t.m.w.SpringBootMockServletContext : Initializing Spring TestDispatcherServlet ''
2026-03-08T20:51:07.699+05:30  INFO 32072 --- [finventory-backend] [           main] o.s.t.web.servlet.TestDispatcherServlet  : Initializing Servlet ''
2026-03-08T20:51:07.701+05:30  INFO 32072 --- [finventory-backend] [           main] o.s.t.web.servlet.TestDispatcherServlet  : Completed initialization in 2 ms
2026-03-08T20:51:07.773+05:30  INFO 32072 --- [finventory-backend] [           main] c.f.c.SalesReturnIntegrationTest         : Started SalesReturnIntegrationTest in 13.248 seconds (process running for 14.954)
2026-03-08T20:51:09.403+05:30 DEBUG 32072 --- [finventory-backend] [           main] o.s.security.web.FilterChainProxy        : Securing POST /api/v1/auth/login
2026-03-08T20:51:09.423+05:30 DEBUG 32072 --- [finventory-backend] [           main] o.s.s.w.a.AnonymousAuthenticationFilter  : Set SecurityContextHolder to anonymous SecurityContext
2026-03-08T20:51:09.431+05:30 DEBUG 32072 --- [finventory-backend] [           main] o.s.security.web.FilterChainProxy        : Secured POST /api/v1/auth/login
2026-03-08T20:51:09.661+05:30 DEBUG 32072 --- [finventory-backend] [           main] o.s.s.a.dao.DaoAuthenticationProvider    : Authenticated user
2026-03-08T20:51:09.767+05:30 DEBUG 32072 --- [finventory-backend] [           main] o.s.security.web.FilterChainProxy        : Securing POST /api/sales-returns
2026-03-08T20:51:09.815+05:30 DEBUG 32072 --- [finventory-backend] [           main] o.s.security.web.FilterChainProxy        : Secured POST /api/sales-returns
[INFO] Tests run: 1, Failures: 0, Errors: 0, Skipped: 0, Time elapsed: 16.58 s -- in com.finventory.controller.SalesReturnIntegrationTest
[INFO] 
[INFO] Results:
[INFO] 
[INFO] Tests run: 1, Failures: 0, Errors: 0, Skipped: 0
[INFO] 
[INFO] ------------------------------------------------------------------------
[INFO] BUILD SUCCESS
[INFO] ------------------------------------------------------------------------
[INFO] Total time:  26.241 s
[INFO] Finished at: 2026-03-08T20:51:10+05:30
[INFO] ------------------------------------------------------------------------
